S -> AX_d
S -> CD
S -> X_aF3
S -> X_aX_a
S -> X_bF1
S -> X_bF4
S -> X_bF5
S -> X_bX_b
S -> X_bX_c
S -> X_dF6
S -> d
F1 -> X_bF2
F2 -> AC
F3 -> AX_a
F4 -> X_bC
F5 -> X_bA
F6 -> X_cF7
F7 -> X_aF8
F8 -> X_bX_d
A -> X_bX_c
A -> d
C -> AX_d
C -> CD
C -> X_aF11
C -> X_aX_a
C -> X_bF12
C -> X_bF13
C -> X_bF9
C -> X_bX_b
C -> X_bX_c
C -> X_dF14
C -> d
F9 -> X_bF10
F10 -> AC
F11 -> AX_a
F12 -> X_bC
F13 -> X_bA
F14 -> X_cF15
F15 -> X_aF16
F16 -> X_bX_d
D -> AX_d
D -> d
X_b -> b
X_d -> d
X_a -> a
X_c -> c
